costs measured (41s)
seed 10: CIR MLE kappa 46.8 +/- 9.4; 5-day RMSE lifted/CIR: var 0.0434/0.0439, drag 2.87e-04/2.92e-04  (52s)
seed 11: CIR MLE kappa 97.8 +/- 6.1; 5-day RMSE lifted/CIR: var 0.0315/0.0315, drag 2.05e-04/2.04e-04  (63s)
seed 12: CIR MLE kappa 37.4 +/- 8.1; 5-day RMSE lifted/CIR: var 0.0435/0.0439, drag 2.84e-04/2.89e-04  (73s)

Cost per filter step: CIR scalar 1.3 us, CIR matrix path 33.3 us, lifted N=24 exact 202 us, Euler 79 us
Likelihood over 2000 days: CIR 3.3 ms, lifted exact 248 ms. Fit kappa: CIR 0.17 s, lifted 28.5 s; CIR all four: 2.53 s

CIR profile log-likelihood, kappa fixed, relative to the CIR MLE (95% CI needs > -1.92): 30: -2.9, 35: -2.0, 40: -1.4, 45: -1.2, 50: -1.2, 55: -1.4, 60: -1.7, 70: -2.6

1-day: lifted RMSE var 0.0354, vol 0.0960, drag 7.03e-05.  CIR relative to it (+ = worse):
   CIR MLE         var   +0.7%   vol naive   +0.9%   vol Jensen   +2.5%   drag   +0.7%
   CIR kappa 30    var   +0.3%   vol naive   -0.0%   vol Jensen   +2.3%   drag   +0.3%
   CIR kappa 35    var   +0.4%   vol naive   +0.1%   vol Jensen   +2.4%   drag   +0.4%
   CIR kappa 40    var   +0.5%   vol naive   +0.3%   vol Jensen   +2.5%   drag   +0.5%
   CIR kappa 45    var   +0.6%   vol naive   +0.5%   vol Jensen   +2.6%   drag   +0.6%
   CIR kappa 50    var   +0.7%   vol naive   +0.7%   vol Jensen   +2.7%   drag   +0.7%
   CIR kappa 55    var   +0.8%   vol naive   +0.9%   vol Jensen   +2.8%   drag   +0.8%
   CIR kappa 60    var   +1.0%   vol naive   +1.2%   vol Jensen   +2.9%   drag   +1.0%
   CIR kappa 70    var   +1.3%   vol naive   +1.6%   vol Jensen   +3.2%   drag   +1.3%

5-day: lifted RMSE var 0.0394, vol 0.1054, drag 2.59e-04.  CIR relative to it (+ = worse):
   CIR MLE         var   +0.8%   vol naive   +1.0%   vol Jensen   +2.6%   drag   +1.2%
   CIR kappa 30    var   +0.2%   vol naive   -0.2%   vol Jensen   +2.0%   drag   +0.4%
   CIR kappa 35    var   +0.3%   vol naive   +0.1%   vol Jensen   +2.2%   drag   +0.5%
   CIR kappa 40    var   +0.5%   vol naive   +0.3%   vol Jensen   +2.4%   drag   +0.7%
   CIR kappa 45    var   +0.8%   vol naive   +0.6%   vol Jensen   +2.6%   drag   +1.1%
   CIR kappa 50    var   +1.1%   vol naive   +0.9%   vol Jensen   +2.9%   drag   +1.5%
   CIR kappa 55    var   +1.4%   vol naive   +1.2%   vol Jensen   +3.2%   drag   +2.0%
   CIR kappa 60    var   +1.7%   vol naive   +1.5%   vol Jensen   +3.4%   drag   +2.4%
   CIR kappa 70    var   +2.4%   vol naive   +2.1%   vol Jensen   +4.0%   drag   +3.4%

10-day: lifted RMSE var 0.0408, vol 0.1091, drag 4.75e-04.  CIR relative to it (+ = worse):
   CIR MLE         var   +0.8%   vol naive   +0.4%   vol Jensen   +2.4%   drag   +1.7%
   CIR kappa 30    var   -0.1%   vol naive   -0.2%   vol Jensen   +1.9%   drag   +0.0%
   CIR kappa 35    var   +0.2%   vol naive   -0.1%   vol Jensen   +2.1%   drag   +0.3%
   CIR kappa 40    var   +0.5%   vol naive   +0.1%   vol Jensen   +2.4%   drag   +0.9%
   CIR kappa 45    var   +0.9%   vol naive   +0.3%   vol Jensen   +2.7%   drag   +1.5%
   CIR kappa 50    var   +1.2%   vol naive   +0.5%   vol Jensen   +2.9%   drag   +2.2%
   CIR kappa 55    var   +1.5%   vol naive   +0.7%   vol Jensen   +3.1%   drag   +2.9%
   CIR kappa 60    var   +1.7%   vol naive   +0.8%   vol Jensen   +3.3%   drag   +3.6%
   CIR kappa 70    var   +2.1%   vol naive   +1.1%   vol Jensen   +3.5%   drag   +4.9%

21-day: lifted RMSE var 0.0420, vol 0.1127, drag 9.09e-04.  CIR relative to it (+ = worse):
   CIR MLE         var   +0.3%   vol naive   -1.3%   vol Jensen   +1.2%   drag   +1.9%
   CIR kappa 30    var   -0.0%   vol naive   -0.7%   vol Jensen   +1.6%   drag   -0.3%
   CIR kappa 35    var   +0.2%   vol naive   -0.9%   vol Jensen   +1.6%   drag   +0.4%
   CIR kappa 40    var   +0.3%   vol naive   -1.0%   vol Jensen   +1.6%   drag   +1.1%
   CIR kappa 45    var   +0.4%   vol naive   -1.1%   vol Jensen   +1.6%   drag   +1.8%
   CIR kappa 50    var   +0.5%   vol naive   -1.2%   vol Jensen   +1.5%   drag   +2.5%
   CIR kappa 55    var   +0.5%   vol naive   -1.3%   vol Jensen   +1.5%   drag   +3.1%
   CIR kappa 60    var   +0.5%   vol naive   -1.4%   vol Jensen   +1.4%   drag   +3.7%
   CIR kappa 70    var   +0.6%   vol naive   -1.5%   vol Jensen   +1.3%   drag   +4.7%

Drag risk: model SD / realised RMSE of the drag forecast (1 = calibrated), and 90% coverage:
   lifted          1d 1.05 (93%)  5d 1.08 (94%)  10d 1.10 (94%)  21d 1.12 (94%)
   CIR kappa 30    1d 0.68 (85%)  5d 0.95 (92%)  10d 1.05 (93%)  21d 1.09 (94%)
   CIR kappa 35    1d 0.69 (85%)  5d 0.96 (92%)  10d 1.04 (93%)  21d 1.04 (93%)
   CIR kappa 40    1d 0.71 (86%)  5d 0.96 (92%)  10d 1.03 (93%)  21d 1.00 (93%)
   CIR kappa 45    1d 0.72 (87%)  5d 0.97 (92%)  10d 1.01 (93%)  21d 0.96 (92%)
   CIR kappa 50    1d 0.74 (87%)  5d 0.97 (92%)  10d 1.00 (93%)  21d 0.93 (92%)
   CIR kappa 55    1d 0.75 (88%)  5d 0.97 (92%)  10d 0.98 (93%)  21d 0.90 (91%)
   CIR kappa 60    1d 0.76 (88%)  5d 0.97 (92%)  10d 0.97 (92%)  21d 0.87 (90%)
   CIR kappa 70    1d 0.79 (89%)  5d 0.96 (92%)  10d 0.94 (92%)  21d 0.83 (89%)
exit 0
