A  H=0.05  1d (Adams own error 1.6e-04 vp): N=24, 1e5 (shipped): worst 0.185 vp, ATM +0.167 vp, skew -1.5%; N=32, 1e5: worst 0.166 vp, ATM +0.150 vp, skew -1.3%; N=40, 1e8: worst 0.038 vp, ATM +0.035 vp, skew -0.3%
A  H=0.05  7d (Adams own error 1.1e-04 vp): N=24, 1e5 (shipped): worst 0.082 vp, ATM +0.073 vp, skew -0.7%; N=32, 1e5: worst 0.064 vp, ATM +0.057 vp, skew -0.5%; N=40, 1e8: worst 0.032 vp, ATM +0.029 vp, skew -0.3%
A  H=0.05 30d (Adams own error 5.0e-05 vp): N=24, 1e5 (shipped): worst 0.049 vp, ATM +0.040 vp, skew -0.5%; N=32, 1e5: worst 0.034 vp, ATM +0.028 vp, skew -0.3%; N=40, 1e8: worst 0.027 vp, ATM +0.022 vp, skew -0.3%
A  H=0.12  1d (Adams own error 2.5e-05 vp): N=24, 1e5 (shipped): worst 0.148 vp, ATM +0.078 vp, skew -1.6%; N=32, 1e5: worst 0.130 vp, ATM +0.068 vp, skew -1.4%; N=40, 1e8: worst 0.034 vp, ATM +0.019 vp, skew -0.4%
A  H=0.12  7d (Adams own error 2.4e-05 vp): N=24, 1e5 (shipped): worst 0.063 vp, ATM +0.042 vp, skew -0.7%; N=32, 1e5: worst 0.047 vp, ATM +0.031 vp, skew -0.5%; N=40, 1e8: worst 0.030 vp, ATM +0.020 vp, skew -0.3%
A  H=0.12 30d (Adams own error 1.6e-05 vp): N=24, 1e5 (shipped): worst 0.039 vp, ATM +0.027 vp, skew -0.4%; N=32, 1e5: worst 0.026 vp, ATM +0.017 vp, skew -0.3%; N=40, 1e8: worst 0.025 vp, ATM +0.017 vp, skew -0.3%
[A done in 437s]
B  H=0.05 N=24, 1e5 (shipped): kernel err 5min/1h/1d-2y 14.9% / 1.05% / 1.05%; isometry short 1h 72.2%, 1d 53.0%, 1m 38.3%, 1y 30.3%; variogram exponent 1h 0.420 (exact 0.108), 1d 0.238 (exact 0.105); K_N(0) 124, fastest node 4.1e+02 s
B  H=0.05 N=32, 1e5: kernel err 5min/1h/1d-2y 14.8% / 0.62% / 0.62%; isometry short 1h 72.0%, 1d 52.7%, 1m 37.8%, 1y 29.7%; variogram exponent 1h 0.421 (exact 0.108), 1d 0.239 (exact 0.105); K_N(0) 124, fastest node 3.9e+02 s
B  H=0.05 N=40, 1e8: kernel err 5min/1h/1d-2y 0.8% / 0.84% / 0.84%; isometry short 1h 36.9%, 1d 27.3%, 1m 19.8%, 1y 15.8%; variogram exponent 1h 0.169 (exact 0.108), 1d 0.142 (exact 0.105); K_N(0) 2781, fastest node 0.4 s
B  H=0.12 N=24, 1e5 (shipped): kernel err 5min/1h/1d-2y 12.1% / 0.87% / 0.87%; isometry short 1h 44.5%, 1d 21.6%, 1m 10.4%, 1y 6.4%; variogram exponent 1h 0.479 (exact 0.241), 1d 0.323 (exact 0.241); K_N(0) 62, fastest node 4.1e+02 s
B  H=0.12 N=32, 1e5: kernel err 5min/1h/1d-2y 12.1% / 0.52% / 0.52%; isometry short 1h 44.3%, 1d 21.1%, 1m 9.8%, 1y 5.8%; variogram exponent 1h 0.481 (exact 0.241), 1d 0.324 (exact 0.241); K_N(0) 62, fastest node 3.9e+02 s
B  H=0.12 N=40, 1e8: kernel err 5min/1h/1d-2y 0.7% / 0.70% / 0.70%; isometry short 1h 9.5%, 1d 5.1%, 1m 2.9%, 1y 2.2%; variogram exponent 1h 0.270 (exact 0.241), 1d 0.253 (exact 0.241); K_N(0) 854, fastest node 0.4 s
[B done in 2s]
D2 simulated 500 days x 78 bars with N=64, eta_N=1e10 (55s); mean RV 0.0608, corr(RV, IV) 0.915
D2 N=24, 1e5 (shipped): H from daily RV 0.133 +/- 0.033, 95% [0.070, 0.201] (truth 0.12); 60s
D2 N=32, 1e5: H from daily RV 0.133 +/- 0.033, 95% [0.070, 0.202] (truth 0.12); 56s
D2 N=40, 1e8: H from daily RV 0.135 +/- 0.032, 95% [0.073, 0.202] (truth 0.12); 100s
[D2 done in 271s]
D1 H=0.12: Adams surface priced (125s), 130 quotes, finite True
D1 H=0.12 N=24, 1e5 (shipped): H_hat 0.1145 (truth 0.12); rho -0.700, xi 0.494, v0 0.0400; RMSE 0.006 vp; 90 evaluations, 450s, no_descent; ok True
D1 H=0.12 N=32, 1e5: H_hat 0.1145 (truth 0.12); rho -0.700, xi 0.492, v0 0.0400; RMSE 0.006 vp; 82 evaluations, 491s, no_descent; ok True
D1 H=0.12 N=40, 1e8: H_hat 0.1199 (truth 0.12); rho -0.700, xi 0.503, v0 0.0400; RMSE 0.000 vp; 73 evaluations, 431s, xtol; ok True
D1 H=0.05: Adams surface priced (172s), 130 quotes, finite True
D1 H=0.05 N=24, 1e5 (shipped): H_hat 0.0409 (truth 0.05); rho -0.700, xi 0.489, v0 0.0400; RMSE 0.008 vp; 68 evaluations, 375s, ftol; ok False
D1 H=0.05 N=32, 1e5: H_hat 0.0409 (truth 0.05); rho -0.700, xi 0.487, v0 0.0400; RMSE 0.008 vp; 72 evaluations, 439s, ftol; ok True
D1 H=0.05 N=40, 1e8: H_hat 0.0498 (truth 0.05); rho -0.700, xi 0.503, v0 0.0400; RMSE 0.000 vp; 82 evaluations, 579s, no_descent; ok True
[D1 done in 3062s]
C  N=24, 1e5 (shipped): Riccati step 1394 us (640 u); objective 10x13 3.04 s (checks ok True, max|phi| 0.999986); exact-step build 10.9 ms; QE 10k paths 19.7 ms; Kalman spot 654 us/day, RV 767 us/day; particle(500) 11.6 ms/day; Fourier 2.63 ms/day + 0.8 s per parameter set (finite True)
C  N=32, 1e5: Riccati step 1460 us (640 u); objective 10x13 3.62 s (checks ok True, max|phi| 0.999986); exact-step build 20.9 ms; QE 10k paths 23.4 ms; Kalman spot 848 us/day, RV 1092 us/day; particle(500) 13.0 ms/day; Fourier 3.43 ms/day + 0.8 s per parameter set (finite True)
C  N=40, 1e8: Riccati step 1922 us (640 u); objective 10x13 4.38 s (checks ok True, max|phi| 0.999986); exact-step build 55.3 ms; QE 10k paths 34.5 ms; Kalman spot 1357 us/day, RV 1482 us/day; particle(500) 14.4 ms/day; Fourier 4.56 ms/day + 1.0 s per parameter set (finite True)
[C done in 100s]
C  N=24, 1e5 (shipped): Riccati step 261 us (640 u); objective 10x13 0.75 s (checks ok True, max|phi| 0.999986); exact-step build 3.4 ms; QE 10k paths 9.0 ms; Kalman spot 239 us/day, RV 173 us/day; particle(500) 2.5 ms/day; Fourier 0.89 ms/day + 0.3 s per parameter set (finite True)
C  N=32, 1e5: Riccati step 481 us (640 u); objective 10x13 0.80 s (checks ok True, max|phi| 0.999986); exact-step build 4.3 ms; QE 10k paths 8.8 ms; Kalman spot 193 us/day, RV 238 us/day; particle(500) 4.4 ms/day; Fourier 0.75 ms/day + 0.3 s per parameter set (finite True)
C  N=40, 1e8: Riccati step 432 us (640 u); objective 10x13 1.02 s (checks ok True, max|phi| 0.999986); exact-step build 17.9 ms; QE 10k paths 14.0 ms; Kalman spot 413 us/day, RV 469 us/day; particle(500) 3.0 ms/day; Fourier 0.99 ms/day + 0.2 s per parameter set (finite True)
[C done in 28s]
