  seed  3: H 0.197  curvature se 0.021  robust se 0.053  (48s)
C:\Projects\volatility-surface-tuning\filters\kalman.py:933: RuntimeWarning: invalid value encountered in scalar add
  Hm[i, j] = Hm[j, i] = (f(x0 + ei + ej) - f(x0 + ei - ej) - f(x0 - ei + ej)
  seed  4: H 0.109  curvature se 0.027  robust se 0.109  (52s)
  seed  5: H 0.151  curvature se 0.025  robust se 0.057  (50s)
  seed  6: H 0.030  curvature se nan  robust se nan  (60s)
  seed  7: H 0.070  curvature se 0.028  robust se 0.130  (53s)
  seed  8: H 0.152  curvature se 0.029  robust se 0.056  (47s)
  seed  9: H 0.101  curvature se 0.028  robust se 0.092  (50s)
  seed 10: H 0.125  curvature se 0.023  robust se 0.047  (50s)
  seed 11: H 0.081  curvature se 0.029  robust se 0.062  (49s)
  seed 12: H 0.144  curvature se 0.024  robust se 0.053  (48s)
  seed 13: H 0.225  curvature se 0.028  robust se 0.041  (47s)
  seed 14: H 0.263  curvature se 0.036  robust se 0.121  (46s)
  seed 15: H 0.151  curvature se 0.030  robust se 0.046  (46s)
  seed 16: H 0.047  curvature se 0.021  robust se 0.074  (61s)
  seed 17: H 0.225  curvature se 0.058  robust se 0.233  (50s)
  seed 18: H 0.042  curvature se 0.019  robust se 0.075  (53s)
  seed 19: H 0.065  curvature se 0.022  robust se 0.064  (56s)
  seed 20: H 0.030  curvature se nan  robust se nan  (61s)
  seed 21: H 0.154  curvature se 0.024  robust se 0.044  (48s)
  seed 22: H 0.157  curvature se 0.028  robust se 0.076  (48s)
  seed 23: H 0.320  curvature se 0.029  robust se 0.090  (45s)

21 histories of 500 days, planted H = 0.1; 2 landed on the grid's edge (0.03 or 0.49) and are excluded from the spread
  the estimate's actual spread (interior): sd 0.0748; its mean bias +0.0461
  curvature SE: median 0.0276 = 0.37x the spread; 95% intervals cover the truth in 47% of histories
  robust SE:    median 0.0638 = 0.85x the spread; 95% intervals cover the truth in 89% of histories
  pre-registered test (robust median within 25% of the spread): PASS
  sensitivity to the Newey-West lag (not used for the verdict):
    lag 1x the rule: median robust SE 0.0571 (0.76x the spread; first 8 seeds)
    lag 2x the rule: median robust SE 0.0585 (0.78x the spread; first 8 seeds)
    lag 4x the rule: median robust SE 0.0624 (0.83x the spread; first 8 seeds)

[done in 2038s] -> C:\Projects\volatility-surface-tuning\captures\h_error_bars.json
