  C  250 days, seed  3: H 0.169  se 0.025 / robust 0.062  bank 0.164 +/- 0.018  tempered 0.153 +/- 0.060  structure 0.204  (31s)
  C  250 days, seed  4: H 0.174  se 0.049 / robust 0.084  bank 0.162 +/- 0.048  tempered 0.151 +/- 0.073  structure 0.108  (22s)
  C  250 days, seed  5: H 0.132  se 0.030 / robust 0.064  bank 0.127 +/- 0.031  tempered 0.118 +/- 0.059  structure 0.11  (23s)
  C  250 days, seed  6: H 0.134  se 0.047 / robust 0.095  bank 0.122 +/- 0.045  tempered 0.123 +/- 0.075  structure 0.14  (25s)
  C  250 days, seed  7: H 0.063  se 0.030 / robust 0.124  bank 0.062 +/- 0.026  tempered 0.116 +/- 0.090  structure 0.136  (24s)
  C  250 days, seed  8: H 0.358  se 0.042 / robust 0.112  bank 0.347 +/- 0.023  tempered 0.314 +/- 0.115  structure 0.154  (23s)
  C  250 days, seed  9: H 0.168  se 0.040 / robust 0.075  bank 0.156 +/- 0.039  tempered 0.142 +/- 0.070  structure 0.13  (23s)
  C  250 days, seed 10: H 0.105  se 0.033 / robust 0.073  bank 0.100 +/- 0.032  tempered 0.101 +/- 0.057  structure 0.161  (23s)
  C  250 days, seed 11: H 0.084  se 0.037 / robust 0.068  bank 0.078 +/- 0.033  tempered 0.086 +/- 0.048  structure 0.082  (23s)
  C  250 days, seed 12: H 0.131  se 0.030 / robust 0.074  bank 0.127 +/- 0.031  tempered 0.119 +/- 0.066  structure 0.142  (23s)
  C 1000 days, seed  3: H 0.165  se 0.016 / robust 0.039  bank 0.169 +/- 0.008  tempered 0.155 +/- 0.035  structure 0.138  (90s)
  C 1000 days, seed  4: H 0.191  se 0.019 / robust 0.055  bank 0.171 +/- 0.009  tempered 0.175 +/- 0.056  structure 0.12  (173s)
  C 1000 days, seed  5: H 0.215  se 0.019 / robust 0.057  bank 0.228 +/- 0.036  tempered 0.204 +/- 0.057  structure 0.142  (282s)
  C 1000 days, seed  6: H 0.127  se 0.019 / robust 0.047  bank 0.122 +/- 0.017  tempered 0.116 +/- 0.045  structure 0.123  (289s)
  C 1000 days, seed  7: H 0.129  se 0.021 / robust 0.076  bank 0.125 +/- 0.021  tempered 0.114 +/- 0.061  structure 0.082  (278s)
  C 1000 days, seed  8: H 0.145  se 0.016 / robust 0.032  bank 0.145 +/- 0.025  tempered 0.140 +/- 0.032  structure 0.149  (283s)
  C 1000 days, seed  9: H 0.147  se 0.021 / robust 0.053  bank 0.148 +/- 0.025  tempered 0.134 +/- 0.050  structure 0.133  (289s)
  C 1000 days, seed 10: H 0.164  se 0.018 / robust 0.042  bank 0.167 +/- 0.011  tempered 0.154 +/- 0.040  structure 0.133  (285s)
  C 1000 days, seed 11: H 0.194  se 0.020 / robust 0.044  bank 0.173 +/- 0.016  tempered 0.184 +/- 0.047  structure 0.116  (331s)
  C 1000 days, seed 12: H 0.160  se 0.018 / robust 0.040  bank 0.166 +/- 0.014  tempered 0.150 +/- 0.037  structure 0.13  (312s)
  C 2000 days, seed  3: H 0.174  se 0.013 / robust 0.030  bank 0.170 +/- 0.001  tempered 0.165 +/- 0.024  structure 0.142  (595s)
  C 2000 days, seed  4: H 0.144  se 0.012 / robust 0.034  bank 0.141 +/- 0.025  tempered 0.137 +/- 0.034  structure 0.125  (579s)
  C 2000 days, seed  5: H 0.191  se 0.013 / robust 0.038  bank 0.170 +/- 0.001  tempered 0.180 +/- 0.041  structure 0.138  (609s)
  C 2000 days, seed  6: H 0.142  se 0.013 / robust 0.027  bank 0.136 +/- 0.023  tempered 0.140 +/- 0.028  structure 0.125  (222582s)
  C 2000 days, seed  7: H 0.140  se 0.013 / robust 0.045  bank 0.130 +/- 0.020  tempered 0.128 +/- 0.042  structure 0.101  (202s)
  C 2000 days, seed  8: H 0.126  se 0.012 / robust 0.024  bank 0.120 +/- 0.002  tempered 0.122 +/- 0.024  structure 0.132  (221s)
  C 2000 days, seed  9: H 0.120  se 0.017 / robust 0.060  bank 0.119 +/- 0.010  tempered 0.105 +/- 0.050  structure 0.119  (198s)
  C 2000 days, seed 10: H 0.142  se 0.012 / robust 0.029  bank 0.134 +/- 0.022  tempered 0.138 +/- 0.030  structure 0.131  (217s)
  C 2000 days, seed 11: H 0.116  se 0.012 / robust 0.034  bank 0.120 +/- 0.004  tempered 0.110 +/- 0.034  structure 0.103  (227s)
  C 2000 days, seed 12: H 0.178  se 0.013 / robust 0.027  bank 0.170 +/- 0.000  tempered 0.167 +/- 0.019  structure 0.14  (191s)
exit 0
