  B  500 days, seed  3: H 0.197  se 0.021 / robust 0.053  bank 0.177 +/- 0.023  tempered 0.185 +/- 0.055  structure 0.138  (46s)
  B  500 days, seed  4: H 0.109  se 0.027 / robust 0.109  bank 0.104 +/- 0.027  tempered 0.108 +/- 0.069  structure 0.106  (43s)
  B  500 days, seed  5: H 0.151  se 0.025 / robust 0.057  bank 0.151 +/- 0.025  tempered 0.138 +/- 0.053  structure 0.126  (45s)
  B  500 days, seed  6: H 0.030  se nan / robust nan  bank 0.044 +/- 0.017  structure 0.131  (43s)
  B  500 days, seed  7: H 0.070  se 0.028 / robust 0.130  bank 0.066 +/- 0.025  tempered 0.112 +/- 0.084  structure 0.11  (43s)
  B  500 days, seed  8: H 0.152  se 0.029 / robust 0.056  bank 0.149 +/- 0.026  tempered 0.140 +/- 0.052  structure 0.143  (43s)
  B  500 days, seed  9: H 0.101  se 0.028 / robust 0.092  bank 0.097 +/- 0.028  tempered 0.104 +/- 0.065  structure 0.148  (44s)
  B  500 days, seed 10: H 0.125  se 0.023 / robust 0.047  bank 0.121 +/- 0.022  tempered 0.114 +/- 0.045  structure 0.134  (47s)
  B  500 days, seed 11: H 0.081  se 0.029 / robust 0.062  bank 0.075 +/- 0.028  tempered 0.083 +/- 0.045  structure 0.074  (82s)
  B  500 days, seed 12: H 0.144  se 0.024 / robust 0.053  bank 0.142 +/- 0.026  tempered 0.131 +/- 0.054  structure 0.161  (140s)
  B  500 days, seed 13: H 0.225  se 0.028 / robust 0.041  bank 0.236 +/- 0.031  tempered 0.223 +/- 0.041  structure 0.108  (147s)
  B  500 days, seed 14: H 0.263  se 0.036 / robust 0.121  bank 0.253 +/- 0.028  tempered 0.219 +/- 0.107  structure 0.113  (148s)
  B  500 days, seed 15: H 0.151  se 0.030 / robust 0.046  bank 0.146 +/- 0.028  tempered 0.137 +/- 0.044  structure 0.135  (146s)
  B  500 days, seed 16: H 0.047  se 0.021 / robust 0.074  bank 0.047 +/- 0.017  tempered 0.075 +/- 0.045  structure 0.128  (145s)
  B  500 days, seed 17: H 0.225  se 0.058 / robust 0.233  bank 0.224 +/- 0.050  tempered 0.191 +/- 0.116  structure 0.099  (138s)
  B  500 days, seed 18: H 0.042  se 0.019 / robust 0.075  bank 0.043 +/- 0.014  tempered 0.078 +/- 0.052  structure 0.11  (133s)
  B  500 days, seed 19: H 0.065  se 0.022 / robust 0.064  bank 0.061 +/- 0.022  tempered 0.080 +/- 0.048  structure 0.152  (149s)
  B  500 days, seed 20: H 0.030  se nan / robust nan  bank 0.034 +/- 0.009  structure 0.121  (147s)
  B  500 days, seed 21: H 0.154  se 0.024 / robust 0.044  bank 0.153 +/- 0.025  tempered 0.138 +/- 0.045  structure 0.139  (145s)
  B  500 days, seed 22: H 0.157  se 0.028 / robust 0.076  bank 0.153 +/- 0.025  tempered 0.137 +/- 0.066  structure 0.139  (142s)
  B  500 days, seed 23: H 0.320  se 0.029 / robust 0.090  bank 0.341 +/- 0.028  tempered 0.287 +/- 0.097  structure 0.127  (153s)
exit 0
