
E1 test surface, 4 expiries x 5: 20 quotes
  homoscedastic 0.5 vp noise: median 0.50 vp
    vega2                           SE(H) 0.2024  corr(H,xi) +0.987  long-end wrong: bias -0.0462 RMS 0.2076  short-end wrong: bias -0.0158 RMS 0.2030  eff. quotes 2.3  anchors 0
    inverse_variance                SE(H) 0.0471  corr(H,xi) +0.978  long-end wrong: bias -0.0083 RMS 0.0478  short-end wrong: bias -0.1287 RMS 0.1371  eff. quotes 20.0  anchors 0
    hybrid                          SE(H) 0.0593  corr(H,xi) +0.982  long-end wrong: bias -0.0156 RMS 0.0613  short-end wrong: bias -0.0993 RMS 0.1157  eff. quotes 20.0  anchors 2
    hybrid x25                      SE(H) 0.1911  corr(H,xi) +0.998  long-end wrong: bias -0.0236 RMS 0.1926  short-end wrong: bias +0.0011 RMS 0.1911  eff. quotes 20.0  anchors 2
    short-end taper                 SE(H) 0.0568  corr(H,xi) +0.984  long-end wrong: bias -0.0532 RMS 0.0778  short-end wrong: bias -0.1661 RMS 0.1755  eff. quotes 13.8  anchors 0
    inverse_variance + H prior 0.03 SE(H) 0.0253  corr(H,xi) +0.928  long-end wrong: bias -0.0023 RMS 0.0254  short-end wrong: bias -0.0361 RMS 0.0441  eff. quotes 20.0  anchors 0
    hybrid + H prior 0.03           SE(H) 0.0278  corr(H,xi) +0.922  long-end wrong: bias -0.0049 RMS 0.0282  short-end wrong: bias -0.0313 RMS 0.0419  eff. quotes 20.0  anchors 2
  spread-based noise (tick + 2.5% of value): median 0.19 vp
    vega2                           SE(H) 0.1796  corr(H,xi) +0.995  long-end wrong: bias -0.0462 RMS 0.1855  short-end wrong: bias -0.0158 RMS 0.1803  eff. quotes 2.3  anchors 0
    inverse_variance                SE(H) 0.0167  corr(H,xi) +0.951  long-end wrong: bias +0.0238 RMS 0.0291  short-end wrong: bias -0.1339 RMS 0.1350  eff. quotes 9.7  anchors 0
    hybrid                          SE(H) 0.0211  corr(H,xi) +0.965  long-end wrong: bias +0.0061 RMS 0.0220  short-end wrong: bias -0.1205 RMS 0.1223  eff. quotes 10.9  anchors 2
    hybrid x25                      SE(H) 0.0716  corr(H,xi) +0.996  long-end wrong: bias -0.0123 RMS 0.0727  short-end wrong: bias -0.0100 RMS 0.0723  eff. quotes 10.9  anchors 2
    short-end taper                 SE(H) 0.0200  corr(H,xi) +0.963  long-end wrong: bias -0.0345 RMS 0.0399  short-end wrong: bias -0.1671 RMS 0.1683  eff. quotes 8.5  anchors 0
    inverse_variance + H prior 0.03 SE(H) 0.0148  corr(H,xi) +0.939  long-end wrong: bias +0.0164 RMS 0.0221  short-end wrong: bias -0.0922 RMS 0.0934  eff. quotes 9.7  anchors 0
    hybrid + H prior 0.03           SE(H) 0.0174  corr(H,xi) +0.949  long-end wrong: bias +0.0045 RMS 0.0180  short-end wrong: bias -0.0886 RMS 0.0903  eff. quotes 10.9  anchors 2

recorder surface, 10 expiries x 9: 90 quotes
  homoscedastic 0.5 vp noise: median 0.50 vp
    vega2                           SE(H) 0.0992  corr(H,xi) +0.971  long-end wrong: bias -0.0638 RMS 0.1180  short-end wrong: bias -0.0093 RMS 0.0997  eff. quotes 10.6  anchors 0
    inverse_variance                SE(H) 0.0224  corr(H,xi) +0.980  long-end wrong: bias -0.0493 RMS 0.0542  short-end wrong: bias -0.0969 RMS 0.0994  eff. quotes 90.0  anchors 0
    hybrid                          SE(H) 0.0373  corr(H,xi) +0.990  long-end wrong: bias -0.0417 RMS 0.0559  short-end wrong: bias -0.0345 RMS 0.0508  eff. quotes 90.0  anchors 6
    hybrid x25                      SE(H) 0.0704  corr(H,xi) +0.983  long-end wrong: bias -0.0252 RMS 0.0748  short-end wrong: bias +0.0191 RMS 0.0729  eff. quotes 90.0  anchors 6
    short-end taper                 SE(H) 0.0263  corr(H,xi) +0.985  long-end wrong: bias -0.0531 RMS 0.0592  short-end wrong: bias -0.1109 RMS 0.1140  eff. quotes 70.6  anchors 0
    inverse_variance + H prior 0.03 SE(H) 0.0179  corr(H,xi) +0.969  long-end wrong: bias -0.0313 RMS 0.0361  short-end wrong: bias -0.0614 RMS 0.0640  eff. quotes 90.0  anchors 0
    hybrid + H prior 0.03           SE(H) 0.0291  corr(H,xi) +0.983  long-end wrong: bias -0.0315 RMS 0.0429  short-end wrong: bias -0.0261 RMS 0.0391  eff. quotes 90.0  anchors 6
  spread-based noise (tick + 2.5% of value): median 0.19 vp
    vega2                           SE(H) 0.0749  corr(H,xi) +0.980  long-end wrong: bias -0.0638 RMS 0.0983  short-end wrong: bias -0.0093 RMS 0.0754  eff. quotes 10.6  anchors 0
    inverse_variance                SE(H) 0.0076  corr(H,xi) +0.977  long-end wrong: bias -0.0248 RMS 0.0260  short-end wrong: bias -0.0862 RMS 0.0865  eff. quotes 50.0  anchors 0
    hybrid                          SE(H) 0.0119  corr(H,xi) +0.987  long-end wrong: bias -0.0256 RMS 0.0282  short-end wrong: bias -0.0533 RMS 0.0546  eff. quotes 52.3  anchors 6
    hybrid x25                      SE(H) 0.0305  corr(H,xi) +0.984  long-end wrong: bias -0.0224 RMS 0.0378  short-end wrong: bias +0.0077 RMS 0.0315  eff. quotes 52.3  anchors 6
    short-end taper                 SE(H) 0.0091  corr(H,xi) +0.981  long-end wrong: bias -0.0384 RMS 0.0394  short-end wrong: bias -0.1020 RMS 0.1024  eff. quotes 43.1  anchors 0
    inverse_variance + H prior 0.03 SE(H) 0.0074  corr(H,xi) +0.975  long-end wrong: bias -0.0227 RMS 0.0239  short-end wrong: bias -0.0787 RMS 0.0791  eff. quotes 50.0  anchors 0
    hybrid + H prior 0.03           SE(H) 0.0113  corr(H,xi) +0.985  long-end wrong: bias -0.0239 RMS 0.0264  short-end wrong: bias -0.0497 RMS 0.0510  eff. quotes 52.3  anchors 6

(0s)
