
Engineering
--------------------------------------------------------------------------
  [ok] CPU reference workload                               0.2382 s  (limit inf)
         best of 3; 1.00x this machine's median over 1 earlier runs

Markovian lift
--------------------------------------------------------------------------
  [ok] rough objective evaluation, 10 expiries x 13 s       0.4603 s  (limit 3)
         best of 3 (all: 0.46, 0.46, 0.46); trend target: rolling mean <= 0.75 s

Foundations
--------------------------------------------------------------------------
  [ok] norm_pdf vs scipy                                           0  (limit 1.00e-15)
  [ok] norm_cdf vs scipy                                    2.22e-16  (limit 1.00e-15)
  [ok] put-call parity C-P = F-K                            2.84e-14  (limit 1.00e-09)
  [ok] vega vs central difference                           4.23e-09  (limit 1.00e-04)
  [ok] implied-vol round trip                               8.05e-16  (limit 1.00e-06)
  [ok] fd_first exact on a quadratic                        7.46e-14  (limit 1.00e-12)
  [ok] fd_second on a quadratic vs its rounding floor   0.41 x floor  (limit 1)
         2.08e-11 measured, floor 5.06e-11
  [ok] shipped 2nd derivative: order on a $1/$5 kink           3.077  (limit 2)
         Fornberg 5-point; mapped-coordinate idea measured at 0.01
  [ok] 3-point stencil order on the same grid (kept f          1.086  (limit 1.5)
         the documented first-order loss

Heston cf
--------------------------------------------------------------------------
  [ok] phi(0) = 1                                                  0  (limit 1.00e-12)
  [ok] phi(-i) = 1 (martingale)                                    0  (limit 1.00e-10)
  [ok] phi(-u) = conj(phi(u))                                      0  (limit 1.00e-12)
  [ok] |phi(u)| <= 1                                          0.9999  (limit 1)
  [ok] branch continuity, shipped (max/median step)            5.242  (limit 50)
         Albrecher g=(a-d)/(a+d)
  [ok] branch discontinuity, reciprocal form                    2825  (limit 500)
         the trap, kept to prove it is real
  [ok] trap / shipped separation                             538.9 x  (limit 100)
  [ok] xi -> 0 degenerates to Black-Scholes                 2.22e-16  (limit 1.00e-14)
         at xi=1e-8, cancellation-free form; was 5.9e-09 at xi=1e-4
  [ok] naive-form cancellation at xi=1e-6 (kept to pr       3.44e-05  (limit 1.00e-06)
         shipped form is 5.7e-13 at the same xi

Pricers
--------------------------------------------------------------------------
  [ok] Lewis vs exact Black-76                              3.55e-15  (limit 1.00e-10)
  [ok] Carr-Madan vs exact Black-76                         1.94e-16  (limit 1.00e-10)
  [ok] Lewis vs Carr-Madan on Heston                        4.99e-15  (limit 1.00e-08)
         independent routes, 5 maturities
  [ok] Carr-Madan insensitive to damping alpha              6.11e-16  (limit 1.00e-08)
         alpha 0.75 to 3.0
  [ok] Fourier vs Monte Carlo (sigmas)                     0.3618 sd  (limit 5)
         residual is Euler O(dt) bias
  [ok] simulated E[S/F] = 1                                 1.94e-06  (limit 6.12e-04)
  [ok] risk-neutral density mass                                   1  (limit 1)
  [ok] risk-neutral density mean = forward                         1  (limit 1)
  [ok] density non-negativity (min/peak)                   -8.87e-10  (limit -1.00e-07)
         tail dither scales as 1/dK^2
  [ok] sampling density: min >= eps and mass = 1                   0  (limit 1.00e-12)
         floored 622 pts, removed -5.1e-10 of mass

Estimators
--------------------------------------------------------------------------
  [ok] H from ATM skew (planted 0.12)                           0.12  (limit 0.12)
         r2 = 1.00000
  [ok] H from structure function, worst of 4 planted          0.0062  (limit 0.03)
         H = 0.10, 0.12, 0.30, 0.50
  [ok] two independent H routes agree                       0.002891  (limit 0.05)
         surface route vs path route
  [ok] forward from put-call parity                         1.14e-13  (limit 1.00e-06)
         r2 = 1.000000, no rate or dividend input
  [ok] discount factor from parity                          4.44e-16  (limit 1.00e-09)
  [ok] SVI parameter recovery                               1.43e-08  (limit 0.001)
  [ok] SVI slice passes Durrleman                                  1  (limit 1)
         g_min over data = 0.2297
  [ok] butterfly audit: false positives on a convex s              0  (limit 0)
  [ok] butterfly audit: catches a planted dent                     2  (limit 1)
         flags the dent's neighbours
  [ok] calendar audit: clean on monotone w                         0  (limit 0)
  [ok] calendar audit: catches a reversal                          3  (limit 1)

Calibration
--------------------------------------------------------------------------
  [ok] plant-and-recover, worst relative error          3.13e-11 rel  (limit 0.01)
         7 iters, 0.6s
  [ok] fitted RMSE on clean data                      4.06e-09 vol pts  (limit 0.001)
  [ok] Jacobian condition number at the solution               30.05  (limit 1.00e+08)
         high = parameters trade off; see identifiability
  [ok] spread of v0 under 0.5vp noise                        3.775 %  (limit 10)
         stable
  [ok] spread of kappa under 0.5vp noise                     34.73 %  (limit 50)
         unidentified
  [ok] spread of theta under 0.5vp noise                     2.803 %  (limit 50)
         stable
  [ok] spread of xi under 0.5vp noise                        19.13 %  (limit 50)
         loose
  [ok] spread of rho under 0.5vp noise                        3.73 %  (limit 10)
         stable
  [ok] spread of kappa with a Tikhonov prior (weight       0.07281 %  (limit 10)
         prior from a history or a variance swap

Markovian lift
--------------------------------------------------------------------------
  [ok] K(t) = int e^-xt mu(dx) representation           6.67e-10 rel  (limit 1.00e-08)
         mu(dx) = x^-a / (Gamma(a)Gamma(1-a)) dx, a = H+1/2
  [ok] kernel error of the default lift, t in [1 day,   0.007027 rel  (limit 0.01)
         max relative; H = 0.12; N = 40, top node 1e+08/y
  [ok] kernel error on [1 hour, 2 y]                    0.007027 rel  (limit 0.01)
         a one-day option lives here
  [ok] kernel error on [5 minutes, 2 y]                 0.007027 rel  (limit 0.01)
         the shipped N = 24 lift was 12% off here (Sessions D-H)
  [ok] kernel error of the default lift, worst over H   0.009075 rel  (limit 0.01)
         the calibration box; no refinement needed (Session I)
  [ok] kernel error of the default lift, worst over H   0.009075 rel  (limit 0.01)
         the calibration box; no refinement needed (Session I)
  [ok] Laplace-domain error, z in [0.1, 100] (plan: 1    0.03349 rel  (limit 0.05)
         3.5% is the memory beyond 2 y; 1% is not reachable with a 2 y fit
  [ok] Laplace-domain error on the pricing band z in    0.006354 rel  (limit 0.03)
         a year down to a few days
  [ok] lifted recursion == SOE convolution (identity)       3.39e-14  (limit 1.00e-12)
  [ok] lifted path vs true-kernel Volterra path (L2,    0.006333 rel  (limit 0.01)
  [ok] N=1 at x=0 reproduces closed-form Heston (ETDR       7.09e-10  (limit 1.00e-09)
  [ok] full N-node lift at H = 0.4999 vs Heston             1.65e-05  (limit 1.00e-04)
         shrinks 10x per decade of (1/2 - H)
  [ok] ETDRK4 vs implicit trapezoidal + Richardson (H       4.12e-06  (limit 5.00e-06)
         independent time-steppers, 1 d / 30 d / 1 y

Rough robustness
--------------------------------------------------------------------------
  [ok] exptrap at 120 steps, u to 1200, guards off (N       1.08e+36  (limit 1)
         |phi(u - i/2)| must be <= 1; kept to prove the constraint
  [ok] stability constants enforced: the same solve r              1  (limit 1)
         hard precondition since Session G; |phi| <= 1 is a hard postcondition
  [ok] stability-sized exptrap, same u range: max |ph         0.9988  (limit 1)
         383 steps
  [ok] runaway parameters: maturities priced in-band               4  (limit 4)
         Carr-Madan returned 1.9e18 / 2.9e28 at 30 / 90 d here
  [ok] unpriceable quote: minimum charge (vol) vs 0 b          4.754  (limit 4.754)
         exact fit costs 1.6e-22

Rough identifiability
--------------------------------------------------------------------------
  [ok] SE(H), 20 quotes, equal weights, 0.5 vp noise         0.04652  (limit 0.06)
  [ok] SE(H), same quotes, vega^2 weights                     0.1967  (limit 0.15)
         H not identified: the weights discard the short end
  [ok] corr(H, xi) at the truth                               0.9777  (limit 0.9)
         the rough analogue of kappa/theta

Hawkes
--------------------------------------------------------------------------
  [ok] mean rate vs mu/(1-n), in SE                        0.5936 SE  (limit 3)
         12.457 vs 12.5
  [ok] count variance / Hawkes (1971) closed form, 0.          1.019  (limit 0.15)
         Fano 5.93
  [ok] MLE plant-and-recover, worst |z|                        1.004  (limit 3)
  [ok] time rescaling KS p, Hawkes fit (should pass)          0.5838  (limit 0.01)
  [ok] time rescaling KS p, Poisson fit to the same e              0  (limit 1.00e-06)
         clustering is detected, not assumed
  [ok] second spike: superposition identity, every ho       8.88e-16  (limit 1.00e-12)
         inc2 - inc1 = r(d+W) - r(d); OU, Heston, rough (the direct rough mode was retired in Session I)
  [ok] rough jump: realised 1-day impact / its parame       0.005225  (limit 0.05)
         ratio 0.9948; the parameter is the average extra variance over the first day
  [ok] Heston: property switches on at alpha = kappa        1.38e-06  (limit 0)
         at 0.97 kappa: -2.1e-06
  [ok] rough (driver jumps): pairs with the property               0  (limit 0)
         14 of 21 at n = 0.95 -- needs near-critical clustering
  [ok] kurtosis vs scale-mixture closed form, in SE        0.7597 SE  (limit 4)
         5.73 vs 5.59; ratio to Poisson = daily Fano

Kalman
--------------------------------------------------------------------------
  [ok] fast scalar path vs generic matrix filter                   0  (limit 1.00e-12)
  [ok] RMSE improvement minus steady-state theory         0.3392 pts  (limit 2)
         45.6% vs 45.2%
  [ok] lecture AR(1) kappa on noisy quotes / true kap         12.6 x  (limit 2)
         attenuation bias; MLE through the filter is unbiased
  [ok] dual vs joint EKF agreement                           0.129 %  (limit 1)
  [ok] recursive MLE (Ljung) distance from the MLE         0.2287 SE  (limit 1)
         Wan-Nelson dual: 0.07 SE
  [ok] strict: steps to re-converge after the regime              18  (limit 2)
         bad-print excursion 2.0x normal error
  [ok] adaptive: bad-print excursion (x normal error)        14.92 x  (limit 6.044)
         re-converges in 0 steps
  [ok] robust: steps to re-converge (and ignores the             1.5  (limit 2)
         excursion 1.7x vs strict 2.0x
  [ok] lifted rough filter: RMSE improvement over quo        37.67 %  (limit 30)
         the lifted factors (40 on the default lift) as the state, rank-one Q

Recording (real data)
--------------------------------------------------------------------------
  [ok] tau: 17:00 Istanbul to next close, hours                 30 h  (limit 30)
         a naive local clock gave 27 h (fixed in Session G)
  [ok] US close in UTC follows daylight saving                     1  (limit 1)
  [ok] delayed greeks (tick 83) recorded, vega per 1.            1 x  (limit 1)
         IBKR sends vega per vol point

Positivity (Session G)
--------------------------------------------------------------------------
  [ok] QE step: mean vs exact conditional mean, in SE    0.009151 SE  (limit 4)
         variance -0.29% vs exact; min V 2.9e-11
  [ok] quadrature of the integrated-variance moments    1.11e-15 rel  (limit 1.00e-12)
  [ok] rough variance simulated 3000 days: minimum         -1.39e-17  (limit -1.00e-12)
         Euler at the same parameters: below zero on 13% of days
  [ok] exact-moment filter: QML kappa bias away from        1.056 SE  (limit 2)
         near zero a Gaussian quasi-likelihood is unreliable (open flag)

Lift fidelity (Session G)
--------------------------------------------------------------------------
  [ok] 7-day IV, default lift vs true rough Heston (f     0.02961 vp  (limit 0.05)
         N = 24 was 0.063 at 7 d, 0.148 at 1 d; N = 40 0.030 and 0.034 (study_finer_lift.py)
  [ok] Ito isometry of the lift at 1 day, shortfall v        5.058 %  (limit 8)
         21.6% on the N = 24 lift (its top node cut the kernel below 7 minutes); 5.1% now

H weighting (Session G)
--------------------------------------------------------------------------
  [ok] SE(H): inverse variance / vega^2                     0.1018 x  (limit 0.25)
         0.0749 -> 0.0076
  [ok] worst-case RMS error in H: hybrid (anchors x25        0.03783  (limit 0.08654)
         inverse variance 0.087, vega^2 0.098
  [ok] min |corr(H, xi)| over all schemes and designs         0.9219  (limit 0.9)
         structural: re-weighting cannot remove it

Learning H (Session G)
--------------------------------------------------------------------------
  [ok] filter profile likelihood: |H_hat - 0.12| in S      0.4698 SE  (limit 3)
         H_hat 0.125 +/- 0.010, xi re-fitted at each H
  [ok] log-likelihood of H = 0.49 against the best H          -329.7  (limit -20)
         Heston-like roughness rejected with xi free

Zero boundary (Session H)
--------------------------------------------------------------------------
  [ok] variance cf (Riccati) vs exact affine mean and   5.03e-07 rel  (limit 1.00e-06)
         two derivations: the CF filter's Riccati and the eigen-coordinate moments
  [ok] away from zero, 400 days: both filters' log-li      1.91 nats  (limit 3)
         CF +1.91, particle +0.91: nothing to gain where the Gaussian is right
  [ok] near zero (V = 0 on 14% of days): particle log      68.4 nats  (limit 20)
         400 days; 257 nats per 1500 days over 6 seeds (study_zero_boundary.py)
  [ok] near zero: CF filter vs particle filter log-li     1.174 nats  (limit 6)
         they agree on the likelihood; the cf filter's low kappa on 4-substep data was a mismatch with the data's law, not the filter (study_zero_boundary_fine.py)

Trading clock (Session H)
--------------------------------------------------------------------------
  [ok] variance time at omega = 1 vs ACT/365                   0 rel  (limit 1.00e-12)
  [ok] 2025 reference split: session / overnight / we            0 h  (limit 1.00e-09)
         1622.5 / 3412.5 / 3725 h (sum 8760 = 365 x 24); by rule: the one-off closure of 9 Jan 2025 is not modelled
  [ok] NYSE 2026 holidays by rule vs the published ca              0  (limit 0)
         days in one list only
  [ok] Labor Day weekend: Friday close to Tuesday ope         89.5 h  (limit 89.5)
  [ok] planted omega = 0.2 recovered from a noise-fre          0 rel  (limit 1.00e-04)
  [ok] 95% interval coverage, 20 chains with 2% noise           0.95  (limit 0.85)
         profile GLS with an F(1, dof) cut
  [ok] snapshot instant recovered from the taus (loca            0 s  (limit 0.001)
         snapshots before Session H stored local time with no offset

Engineering
--------------------------------------------------------------------------
  [ok] scipy modules on the live import path                       0  (limit 0)
         scipy.stats alone costs 5.8 s
  [ok] startup to actionable error, no TWS                  0.5571 s  (limit 3)
         was 9.6 s before lazy imports
  [ok] calibration objective evaluation                     8.897 ms  (limit 200)
         39 quotes; 470 ms before vectorising
  [ok] Gauss-Legendre rules constructed                            1  (limit 1)
         2 reuses; leggauss is O(n^2)
  [ok] quadrature tolerance 1e-12 vs 1e-14                         0  (limit 1.00e-12)
         calibration runs at 1e-12, ~2x faster
  [ok] replay round-trip fidelity                                  0  (limit 1.00e-12)
         recorded vs replayed surface points

==========================================================================
121 of 121 checks pass   (125s)
==========================================================================

Trend over 11 recorded run(s); compared within this machine and configuration (LAPTOP-1VCRA7FA, lift 40:1e+08)
--------------------------------------------------------------------------
  check                                            n       mean        std       last  flags
  2025 reference split: session / overnight / we   2          0          0          0  
  3-point stencil order on the same grid (kept f   2      1.086          0      1.086  
  7-day IV, default lift vs true rough Heston (f   2    0.02961          0    0.02961  
  95% interval coverage, 20 chains with 2% noise   2       0.95          0       0.95  
  CPU reference workload                           2     0.3067    0.09684     0.2382  
  Carr-Madan insensitive to damping alpha          2   6.11e-16          0   6.11e-16  
  Carr-Madan vs exact Black-76                     2   1.94e-16          0   1.94e-16  
  ETDRK4 vs implicit trapezoidal + Richardson (H   2   4.12e-06          0   4.12e-06  
  Fourier vs Monte Carlo (sigmas)                  2     0.3618          0     0.3618  
  Gauss-Legendre rules constructed                 2          1          0          1  
  H from ATM skew (planted 0.12)                   2       0.12          0       0.12  
  H from structure function, worst of 4 planted    2     0.0062          0     0.0062  
  Heston: property switches on at alpha = kappa    2   1.38e-06          0   1.38e-06  
  Ito isometry of the lift at 1 day, shortfall v   2      5.058          0      5.058  
  Jacobian condition number at the solution        2      30.05          0      30.05  
  K(t) = int e^-xt mu(dx) representation           2   6.67e-10          0   6.67e-10  
  Labor Day weekend: Friday close to Tuesday ope   2       89.5          0       89.5  
  Laplace-domain error on the pricing band z in    2   0.006354          0   0.006354  
  Laplace-domain error, z in [0.1, 100] (plan: 1   2    0.03349          0    0.03349  
  Lewis vs Carr-Madan on Heston                    2   4.99e-15          0   4.99e-15  
  Lewis vs exact Black-76                          2   3.55e-15          0   3.55e-15  
  MLE plant-and-recover, worst |z|                 2      1.004          0      1.004  
  N=1 at x=0 reproduces closed-form Heston (ETDR   2   7.09e-10          0   7.09e-10  
  NYSE 2026 holidays by rule vs the published ca   2          0          0          0  
  QE step: mean vs exact conditional mean, in SE   2   0.009151          0   0.009151  
  RMSE improvement minus steady-state theory       2     0.3392          0     0.3392  
  SE(H), 20 quotes, equal weights, 0.5 vp noise    2    0.04652          0    0.04652  
  SE(H), same quotes, vega^2 weights               2     0.1967          0     0.1967  
  SE(H): inverse variance / vega^2                 2     0.1018          0     0.1018  
  SVI parameter recovery                           2   1.43e-08          0   1.43e-08  
  SVI slice passes Durrleman                       2          1          0          1  
  US close in UTC follows daylight saving          2          1          0          1  
  adaptive: bad-print excursion (x normal error)   2      14.92          0      14.92  
  away from zero, 400 days: both filters' log-li   2       1.91          0       1.91  
  branch continuity, shipped (max/median step)     2      5.242          0      5.242  
  branch discontinuity, reciprocal form            2       2825          0       2825  
  butterfly audit: catches a planted dent          2          2          0          2  
  butterfly audit: false positives on a convex s   2          0          0          0  
  calendar audit: catches a reversal               2          3          0          3  
  calendar audit: clean on monotone w              2          0          0          0  
  calibration objective evaluation                 2      11.63      3.861      8.897  
  corr(H, xi) at the truth                         2     0.9777          0     0.9777  
  count variance / Hawkes (1971) closed form, 0.   2      1.019          0      1.019  
  delayed greeks (tick 83) recorded, vega per 1.   2          1          0          1  
  density non-negativity (min/peak)                2  -8.87e-10          0  -8.87e-10  
  discount factor from parity                      2   4.44e-16          0   4.44e-16  
  dual vs joint EKF agreement                      2      0.129          0      0.129  
  exact-moment filter: QML kappa bias away from    2      1.056          0      1.056  
  exptrap at 120 steps, u to 1200, guards off (N   2   1.08e+36          0   1.08e+36  
  fast scalar path vs generic matrix filter        2          0          0          0  
  fd_first exact on a quadratic                    2   7.46e-14          0   7.46e-14  
  fd_second on a quadratic vs its rounding floor   2       0.41          0       0.41  
  filter profile likelihood: |H_hat - 0.12| in S   2     0.4698          0     0.4698  
  fitted RMSE on clean data                        2   4.06e-09          0   4.06e-09  
  forward from put-call parity                     2   1.14e-13          0   1.14e-13  
  full N-node lift at H = 0.4999 vs Heston         2   1.65e-05          0   1.65e-05  
  implied-vol round trip                           2   8.05e-16          0   8.05e-16  
  kernel error of the default lift, t in [1 day,   2   0.007027          0   0.007027  
  kernel error of the default lift, worst over H   2   0.009075          0   0.009075  
  kernel error of the default lift, worst over H   2   0.009075          0   0.009075  
  kernel error on [1 hour, 2 y]                    2   0.007027          0   0.007027  
  kernel error on [5 minutes, 2 y]                 2   0.007027          0   0.007027  
  kurtosis vs scale-mixture closed form, in SE     2     0.7597          0     0.7597  
  lecture AR(1) kappa on noisy quotes / true kap   2       12.6          0       12.6  
  lifted path vs true-kernel Volterra path (L2,    2   0.006333          0   0.006333  
  lifted recursion == SOE convolution (identity)   2   3.39e-14          0   3.39e-14  
  lifted rough filter: RMSE improvement over quo   2      37.67          0      37.67  
  log-likelihood of H = 0.49 against the best H    2     -329.7          0     -329.7  
  mean rate vs mu/(1-n), in SE                     2     0.5936          0     0.5936  
  min |corr(H, xi)| over all schemes and designs   2     0.9219          0     0.9219  
  naive-form cancellation at xi=1e-6 (kept to pr   2   3.44e-05          0   3.44e-05  
  near zero (V = 0 on 14% of days): particle log   2       68.4          0       68.4  
  near zero: CF filter vs particle filter log-li   2      1.174          0      1.174  
  norm_cdf vs scipy                                2   2.22e-16          0   2.22e-16  
  norm_pdf vs scipy                                2          0          0          0  
  phi(-i) = 1 (martingale)                         2          0          0          0  
  phi(-u) = conj(phi(u))                           2          0          0          0  
  phi(0) = 1                                       2          0          0          0  
  plant-and-recover, worst relative error          2   3.13e-11          0   3.13e-11  
  planted omega = 0.2 recovered from a noise-fre   2          0          0          0  
  put-call parity C-P = F-K                        2   2.84e-14          0   2.84e-14  
  quadrature of the integrated-variance moments    2   1.11e-15          0   1.11e-15  
  quadrature tolerance 1e-12 vs 1e-14              2          0          0          0  
  recursive MLE (Ljung) distance from the MLE      2     0.2287          0     0.2287  
  replay round-trip fidelity                       2          0          0          0  
  risk-neutral density mass                        2          1          0          1  
  risk-neutral density mean = forward              2          1          0          1  
  robust: steps to re-converge (and ignores the    2        1.5          0        1.5  
  rough (driver jumps): pairs with the property    2          0          0          0  
  rough jump: realised 1-day impact / its parame   2   0.005225          0   0.005225  
  rough objective evaluation, 10 expiries x 13 s   2     0.6139     0.2172     0.4603  
  rough variance simulated 3000 days: minimum      2  -1.39e-17          0  -1.39e-17  
  runaway parameters: maturities priced in-band    2          4          0          4  
  sampling density: min >= eps and mass = 1        2          0          0          0  
  scipy modules on the live import path            2          0          0          0  
  second spike: superposition identity, every ho   2   8.88e-16          0   8.88e-16  
  shipped 2nd derivative: order on a $1/$5 kink    2      3.077          0      3.077  
  simulated E[S/F] = 1                             2   1.94e-06          0   1.94e-06  
  snapshot instant recovered from the taus (loca   2          0          0          0  
  spread of kappa under 0.5vp noise                2      34.73          0      34.73  
  spread of kappa with a Tikhonov prior (weight    2    0.07281          0    0.07281  
  spread of rho under 0.5vp noise                  2       3.73          0       3.73  
  spread of theta under 0.5vp noise                2      2.803          0      2.803  
  spread of v0 under 0.5vp noise                   2      3.775          0      3.775  
  spread of xi under 0.5vp noise                   2      19.13          0      19.13  
  stability constants enforced: the same solve r   2          1          0          1  
  stability-sized exptrap, same u range: max |ph   2     0.9988          0     0.9988  
  startup to actionable error, no TWS              2      0.664     0.1511     0.5571  
  strict: steps to re-converge after the regime    2         18          0         18  
  tau: 17:00 Istanbul to next close, hours         2         30          0         30  
  time rescaling KS p, Hawkes fit (should pass)    2     0.5838          0     0.5838  
  time rescaling KS p, Poisson fit to the same e   2          0          0          0  
  trap / shipped separation                        2      538.9          0      538.9  
  two independent H routes agree                   2   0.002891          0   0.002891  
  unpriceable quote: minimum charge (vol) vs 0 b   2      4.754          0      4.754  
  variance cf (Riccati) vs exact affine mean and   2   5.03e-07          0   5.03e-07  
  variance time at omega = 1 vs ACT/365            2          0          0          0  
  vega vs central difference                       2   4.23e-09          0   4.23e-09  
  worst-case RMS error in H: hybrid (anchors x25   2    0.03783          0    0.03783  
  xi -> 0 degenerates to Black-Scholes             2   2.22e-16          0   2.22e-16  
  |phi(u)| <= 1                                    2     0.9999          0     0.9999  
  0 flagged
