K  N=40, 1e8: worst kernel error on [1 d, 2 y] 0.908% at H = 0.02, on [1 h, 2 y] 0.908%; headroom to the 1% criterion 9%
K  N=44, 1e8: worst kernel error on [1 d, 2 y] 0.763% at H = 0.02, on [1 h, 2 y] 0.763%; headroom to the 1% criterion 24%
K  N=48, 1e8: worst kernel error on [1 d, 2 y] 0.653% at H = 0.02, on [1 h, 2 y] 0.653%; headroom to the 1% criterion 35%
[K done in 0s]
E0 H=0.02: V_H closed 16.27693103, quadrature 16.27693103; (1/2pi) int f / rho(0) - 1: fGn -5.2e-13, lift -2.3e-12
E0 H=0.12: V_H closed 2.98999332, quadrature 2.98999332; (1/2pi) int f / rho(0) - 1: fGn -8.8e-12, lift -1.1e-11
E0 H=0.45: V_H closed 1.05271480, quadrature 1.05271480; (1/2pi) int f / rho(0) - 1: fGn -3.6e-10, lift -3.2e-10
E1 H=0.02 N=40, 1e8: variogram vs V_H h^2H, worst on [1 min / 1 h / 1 d, 2 y] 82.68 / 70.66 / 62.45%; local exponent at 1 min / 1 h / 1 d 0.2199 / 0.1336 / 0.1047 (exact 0.0400)
E1 H=0.02 N=44, 1e8: variogram vs V_H h^2H, worst on [1 min / 1 h / 1 d, 2 y] 82.65 / 70.58 / 62.35%; local exponent at 1 min / 1 h / 1 d 0.2201 / 0.1337 / 0.1047 (exact 0.0400)
E1 H=0.02 N=48, 1e8: variogram vs V_H h^2H, worst on [1 min / 1 h / 1 d, 2 y] 82.62 / 70.53 / 62.27%; local exponent at 1 min / 1 h / 1 d 0.2202 / 0.1337 / 0.1048 (exact 0.0400)
E1 H=0.05 N=40, 1e8: variogram vs V_H h^2H, worst on [1 min / 1 h / 1 d, 2 y] 61.60 / 41.75 / 30.84%; local exponent at 1 min / 1 h / 1 d 0.2502 / 0.1687 / 0.1423 (exact 0.1000)
E1 H=0.05 N=44, 1e8: variogram vs V_H h^2H, worst on [1 min / 1 h / 1 d, 2 y] 61.53 / 41.61 / 30.66%; local exponent at 1 min / 1 h / 1 d 0.2504 / 0.1687 / 0.1424 (exact 0.1000)
E1 H=0.05 N=48, 1e8: variogram vs V_H h^2H, worst on [1 min / 1 h / 1 d, 2 y] 61.47 / 41.51 / 30.53%; local exponent at 1 min / 1 h / 1 d 0.2505 / 0.1688 / 0.1424 (exact 0.1000)
E1 H=0.12 N=40, 1e8: variogram vs V_H h^2H, worst on [1 min / 1 h / 1 d, 2 y] 29.68 / 12.13 / 6.33%; local exponent at 1 min / 1 h / 1 d 0.3330 / 0.2695 / 0.2531 (exact 0.2400)
E1 H=0.12 N=44, 1e8: variogram vs V_H h^2H, worst on [1 min / 1 h / 1 d, 2 y] 29.55 / 11.95 / 6.13%; local exponent at 1 min / 1 h / 1 d 0.3331 / 0.2696 / 0.2531 (exact 0.2400)
E1 H=0.12 N=48, 1e8: variogram vs V_H h^2H, worst on [1 min / 1 h / 1 d, 2 y] 29.46 / 11.81 / 5.98%; local exponent at 1 min / 1 h / 1 d 0.3332 / 0.2696 / 0.2531 (exact 0.2400)
E1 H=0.25 N=40, 1e8: variogram vs V_H h^2H, worst on [1 min / 1 h / 1 d, 2 y] 6.38 / 1.51 / 0.89%; local exponent at 1 min / 1 h / 1 d 0.5288 / 0.5039 / 0.5008 (exact 0.5000)
E1 H=0.25 N=44, 1e8: variogram vs V_H h^2H, worst on [1 min / 1 h / 1 d, 2 y] 6.27 / 1.38 / 0.76%; local exponent at 1 min / 1 h / 1 d 0.5288 / 0.5039 / 0.5008 (exact 0.5000)
E1 H=0.25 N=48, 1e8: variogram vs V_H h^2H, worst on [1 min / 1 h / 1 d, 2 y] 6.19 / 1.29 / 0.67%; local exponent at 1 min / 1 h / 1 d 0.5289 / 0.5039 / 0.5008 (exact 0.5000)
E2 H=0.02 N=40, 1e8: expected LLR from one year of perfectly observed driver increments / years for a 5%-size test to reach 95% power: 1 s 2.15e+08 / < 64 obs; 1 min 6.44e+05 / < 64 obs; 5 min 8.59e+04 / < 64 obs; 1 h 4.3e+03 / < 64 obs; 1 d 105 / < 64 obs
E2 H=0.02 N=44, 1e8: expected LLR from one year of perfectly observed driver increments / years for a 5%-size test to reach 95% power: 1 s 2.15e+08 / < 64 obs; 1 min 6.42e+05 / < 64 obs; 5 min 8.55e+04 / < 64 obs; 1 h 4.27e+03 / < 64 obs; 1 d 104 / < 64 obs
E2 H=0.02 N=48, 1e8: expected LLR from one year of perfectly observed driver increments / years for a 5%-size test to reach 95% power: 1 s 2.15e+08 / < 64 obs; 1 min 6.4e+05 / < 64 obs; 5 min 8.53e+04 / < 64 obs; 1 h 4.26e+03 / < 64 obs; 1 d 104 / < 64 obs
E2 H=0.05 N=40, 1e8: expected LLR from one year of perfectly observed driver increments / years for a 5%-size test to reach 95% power: 1 s 6.49e+07 / < 64 obs; 1 min 1.35e+05 / < 64 obs; 5 min 1.56e+04 / < 64 obs; 1 h 622 / 0.0087 y; 1 d 11.4 / 0.473 y
E2 H=0.05 N=44, 1e8: expected LLR from one year of perfectly observed driver increments / years for a 5%-size test to reach 95% power: 1 s 6.49e+07 / < 64 obs; 1 min 1.35e+05 / < 64 obs; 5 min 1.55e+04 / < 64 obs; 1 h 616 / 0.00879 y; 1 d 11.3 / 0.48 y
E2 H=0.05 N=48, 1e8: expected LLR from one year of perfectly observed driver increments / years for a 5%-size test to reach 95% power: 1 s 6.49e+07 / < 64 obs; 1 min 1.34e+05 / < 64 obs; 5 min 1.54e+04 / < 64 obs; 1 h 611 / 0.00886 y; 1 d 11.1 / 0.486 y
E2 H=0.12 N=40, 1e8: expected LLR from one year of perfectly observed driver increments / years for a 5%-size test to reach 95% power: 1 s 1.44e+07 / < 64 obs; 1 min 1.46e+04 / 0.00037 y; 5 min 1.23e+03 / 0.0044 y; 1 h 30.4 / 0.178 y; 1 d 0.321 / 16.9 y
E2 H=0.12 N=44, 1e8: expected LLR from one year of perfectly observed driver increments / years for a 5%-size test to reach 95% power: 1 s 1.44e+07 / < 64 obs; 1 min 1.45e+04 / 0.000374 y; 5 min 1.21e+03 / 0.00448 y; 1 h 29.4 / 0.184 y; 1 d 0.299 / 18.1 y
E2 H=0.12 N=48, 1e8: expected LLR from one year of perfectly observed driver increments / years for a 5%-size test to reach 95% power: 1 s 1.44e+07 / < 64 obs; 1 min 1.43e+04 / 0.000377 y; 5 min 1.19e+03 / 0.00454 y; 1 h 28.6 / 0.189 y; 1 d 0.283 / 19.1 y
E3 H=0.02 N=40, 1e8 (400 paths of 65536 five-minute steps): Shevchenko QV estimate, exact fGn 0.02006 +/- 0.00021 (one path sd 0.0042); lift 0.08355 +/- 0.00019 (predicted 0.08369); Whittle LLR on exact draws 53575.493 +/- 26.929 (predicted 53550.867), on lift draws -20227.923 +/- 6.470 (predicted -20230.540)
E3 H=0.02 N=44, 1e8 (400 paths of 65536 five-minute steps): Shevchenko QV estimate, exact fGn 0.02006 +/- 0.00021 (one path sd 0.0042); lift 0.08356 +/- 0.00019 (predicted 0.08374); Whittle LLR on exact draws 53349.281 +/- 26.848 (predicted 53324.787), on lift draws -20163.923 +/- 6.614 (predicted -20175.001)
E3 H=0.12 N=40, 1e8 (400 paths of 65536 five-minute steps): Shevchenko QV estimate, exact fGn 0.12020 +/- 0.00019 (one path sd 0.0039); lift 0.14654 +/- 0.00018 (predicted 0.14640); Whittle LLR on exact draws 764.861 +/- 2.083 (predicted 766.991), on lift draws -658.595 +/- 1.721 (predicted -656.396)
E3 H=0.12 N=44, 1e8 (400 paths of 65536 five-minute steps): Shevchenko QV estimate, exact fGn 0.12020 +/- 0.00019 (one path sd 0.0039); lift 0.14658 +/- 0.00018 (predicted 0.14644); Whittle LLR on exact draws 751.282 +/- 2.062 (predicted 753.403), on lift draws -647.400 +/- 1.648 (predicted -645.484)
[E done in 123s]
F1 H=0.02 data from N=44, model N=40: expected LLR from one year / data for 95% power: 1 s 9.92 / 0.545 y; 1 min 0.645 / 8.38 y; 5 min 0.15 / 36.2 y; 1 h 0.0142 / 382 y; 1 d 0.000642 / 8.4e+03 y
F1 H=0.02 data from N=48, model N=44: expected LLR from one year / data for 95% power: 1 s 5.68 / 0.952 y; 1 min 0.37 / 14.6 y; 5 min 0.0858 / 63 y; 1 h 0.00813 / 666 y; 1 d 0.000368 / 1.46e+04 y
F1 H=0.05 data from N=44, model N=40: expected LLR from one year / data for 95% power: 1 s 8.82 / 0.614 y; 1 min 0.584 / 9.27 y; 5 min 0.135 / 40 y; 1 h 0.0128 / 423 y; 1 d 0.000577 / 9.34e+03 y
F1 H=0.05 data from N=48, model N=44: expected LLR from one year / data for 95% power: 1 s 5.05 / 1.07 y; 1 min 0.335 / 16.2 y; 5 min 0.0776 / 69.7 y; 1 h 0.00733 / 738 y; 1 d 0.000331 / 1.63e+04 y
F1 H=0.12 data from N=44, model N=40: expected LLR from one year / data for 95% power: 1 s 6.42 / 0.843 y; 1 min 0.434 / 12.5 y; 5 min 0.0996 / 54.3 y; 1 h 0.00923 / 586 y; 1 d 0.000407 / 1.32e+04 y
F1 H=0.12 data from N=48, model N=44: expected LLR from one year / data for 95% power: 1 s 3.67 / 1.47 y; 1 min 0.249 / 21.7 y; 5 min 0.0571 / 94.8 y; 1 h 0.00529 / 1.02e+03 y; 1 d 0.000233 / 2.31e+04 y
F2 H=0.02 top node 1e+08/y (N = 44): kernel err [1 d, 2 y] 0.76%; variogram err [1 min / 1 h / 1 d, 2 y] 82.6 / 70.6 / 62.3%; QV estimator reads H = 0.0837 at 5 min, 0.0512 at 1 d (truth 0.02); data for 95% power < 64 obs at 5 min, < 64 obs at 1 d
F2 H=0.02 top node 1e+10/y (N = 54): kernel err [1 d, 2 y] 0.75%; variogram err [1 min / 1 h / 1 d, 2 y] 69.2 / 59.0 / 52.1%; QV estimator reads H = 0.0549 at 5 min, 0.0406 at 1 d (truth 0.02); data for 95% power < 64 obs at 5 min, < 64 obs at 1 d
F2 H=0.02 top node 1e+12/y (N = 64): kernel err [1 d, 2 y] 0.74%; variogram err [1 min / 1 h / 1 d, 2 y] 57.8 / 49.3 / 43.5%; QV estimator reads H = 0.0425 at 5 min, 0.0346 at 1 d (truth 0.02); data for 95% power < 64 obs at 5 min, < 64 obs at 1 d
F2 H=0.02 top node 1e+14/y (N = 73): kernel err [1 d, 2 y] 0.76%; variogram err [1 min / 1 h / 1 d, 2 y] 48.3 / 41.2 / 36.5%; QV estimator reads H = 0.0357 at 5 min, 0.0308 at 1 d (truth 0.02); data for 95% power < 64 obs at 5 min, 0.285 y at 1 d
F2 H=0.05 top node 1e+08/y (N = 44): kernel err [1 d, 2 y] 0.71%; variogram err [1 min / 1 h / 1 d, 2 y] 61.5 / 41.6 / 30.7%; QV estimator reads H = 0.1002 at 5 min, 0.0702 at 1 d (truth 0.05); data for 95% power < 64 obs at 5 min, 0.48 y at 1 d
F2 H=0.05 top node 1e+10/y (N = 54): kernel err [1 d, 2 y] 0.70%; variogram err [1 min / 1 h / 1 d, 2 y] 39.6 / 26.7 / 19.8%; QV estimator reads H = 0.0735 at 5 min, 0.0611 at 1 d (truth 0.05); data for 95% power 0.00128 y at 5 min, 1.38 y at 1 d
F2 H=0.05 top node 1e+12/y (N = 64): kernel err [1 d, 2 y] 0.69%; variogram err [1 min / 1 h / 1 d, 2 y] 25.4 / 17.3 / 12.9%; QV estimator reads H = 0.0627 at 5 min, 0.0565 at 1 d (truth 0.05); data for 95% power 0.00381 y at 5 min, 3.57 y at 1 d
F2 H=0.05 top node 1e+14/y (N = 73): kernel err [1 d, 2 y] 0.71%; variogram err [1 min / 1 h / 1 d, 2 y] 16.5 / 11.4 / 8.6%; QV estimator reads H = 0.0573 at 5 min, 0.0539 at 1 d (truth 0.05); data for 95% power 0.01 y at 5 min, 8.46 y at 1 d
F2 H=0.12 top node 1e+08/y (N = 44): kernel err [1 d, 2 y] 0.60%; variogram err [1 min / 1 h / 1 d, 2 y] 29.6 / 11.9 / 6.1%; QV estimator reads H = 0.1464 at 5 min, 0.1260 at 1 d (truth 0.12); data for 95% power 0.00448 y at 5 min, 18.1 y at 1 d
F2 H=0.12 top node 1e+10/y (N = 54): kernel err [1 d, 2 y] 0.59%; variogram err [1 min / 1 h / 1 d, 2 y] 10.7 / 4.6 / 2.7%; QV estimator reads H = 0.1278 at 5 min, 0.1219 at 1 d (truth 0.12); data for 95% power 0.0403 y at 5 min, 94.8 y at 1 d
F2 H=0.12 top node 1e+12/y (N = 64): kernel err [1 d, 2 y] 0.58%; variogram err [1 min / 1 h / 1 d, 2 y] 4.2 / 2.2 / 1.5%; QV estimator reads H = 0.1225 at 5 min, 0.1206 at 1 d (truth 0.12); data for 95% power 0.239 y at 5 min, 273 y at 1 d
F2 H=0.12 top node 1e+14/y (N = 73): kernel err [1 d, 2 y] 0.59%; variogram err [1 min / 1 h / 1 d, 2 y] 2.1 / 1.4 / 1.2%; QV estimator reads H = 0.1208 at 5 min, 0.1202 at 1 d (truth 0.12); data for 95% power 0.774 y at 5 min, 428 y at 1 d
[F done in 149s]
A  H=0.02  1d (Adams own error 2.9e-04 vp): N=40, 1e8: worst 0.0432 vp, ATM +0.0432; N=44, 1e8: worst 0.0364 vp, ATM +0.0364; N=48, 1e8: worst 0.0313 vp, ATM +0.0313
A  H=0.02  7d (Adams own error 1.9e-04 vp): N=40, 1e8: worst 0.0337 vp, ATM +0.0337; N=44, 1e8: worst 0.0280 vp, ATM +0.0280; N=48, 1e8: worst 0.0237 vp, ATM +0.0237
A  H=0.02 30d (Adams own error 8.0e-05 vp): N=40, 1e8: worst 0.0282 vp, ATM +0.0243; N=44, 1e8: worst 0.0233 vp, ATM +0.0201; N=48, 1e8: worst 0.0196 vp, ATM +0.0169
A  H=0.05  1d (Adams own error 1.6e-04 vp): N=40, 1e8: worst 0.0381 vp, ATM +0.0355; N=44, 1e8: worst 0.0319 vp, ATM +0.0297; N=48, 1e8: worst 0.0273 vp, ATM +0.0254
A  H=0.05  7d (Adams own error 1.1e-04 vp): N=40, 1e8: worst 0.0323 vp, ATM +0.0295; N=44, 1e8: worst 0.0268 vp, ATM +0.0245; N=48, 1e8: worst 0.0226 vp, ATM +0.0206
A  H=0.05 30d (Adams own error 5.0e-05 vp): N=40, 1e8: worst 0.0266 vp, ATM +0.0220; N=44, 1e8: worst 0.0219 vp, ATM +0.0182; N=48, 1e8: worst 0.0184 vp, ATM +0.0153
A  H=0.12  1d (Adams own error 2.5e-05 vp): N=40, 1e8: worst 0.0343 vp, ATM +0.0192; N=44, 1e8: worst 0.0285 vp, ATM +0.0159; N=48, 1e8: worst 0.0241 vp, ATM +0.0135
A  H=0.12  7d (Adams own error 2.4e-05 vp): N=40, 1e8: worst 0.0296 vp, ATM +0.0200; N=44, 1e8: worst 0.0244 vp, ATM +0.0165; N=48, 1e8: worst 0.0205 vp, ATM +0.0139
A  H=0.12 30d (Adams own error 1.6e-05 vp): N=40, 1e8: worst 0.0246 vp, ATM +0.0168; N=44, 1e8: worst 0.0203 vp, ATM +0.0139; N=48, 1e8: worst 0.0170 vp, ATM +0.0116
[A done in 167s]
B  H=0.05 N=40, 1e8: kernel err 5min/1h/1d-2y 0.8% / 0.84% / 0.84%; isometry short 1h 36.9%, 1d 27.3%, 1m 19.8%, 1y 15.8%; variogram exponent 1h 0.169 (exact 0.108), 1d 0.142 (exact 0.105); K_N(0) 2781, fastest node 0.4 s
B  H=0.05 N=44, 1e8: kernel err 5min/1h/1d-2y 0.7% / 0.71% / 0.71%; isometry short 1h 36.7%, 1d 27.1%, 1m 19.6%, 1y 15.6%; variogram exponent 1h 0.169 (exact 0.108), 1d 0.142 (exact 0.105); K_N(0) 2781, fastest node 0.39 s
B  H=0.05 N=48, 1e8: kernel err 5min/1h/1d-2y 0.6% / 0.61% / 0.61%; isometry short 1h 36.6%, 1d 26.9%, 1m 19.5%, 1y 15.4%; variogram exponent 1h 0.169 (exact 0.108), 1d 0.142 (exact 0.105); K_N(0) 2781, fastest node 0.39 s
B  H=0.12 N=40, 1e8: kernel err 5min/1h/1d-2y 0.7% / 0.70% / 0.70%; isometry short 1h 9.5%, 1d 5.1%, 1m 2.9%, 1y 2.2%; variogram exponent 1h 0.270 (exact 0.241), 1d 0.253 (exact 0.241); K_N(0) 854, fastest node 0.4 s
B  H=0.12 N=44, 1e8: kernel err 5min/1h/1d-2y 0.6% / 0.60% / 0.60%; isometry short 1h 9.3%, 1d 4.9%, 1m 2.7%, 1y 1.9%; variogram exponent 1h 0.270 (exact 0.241), 1d 0.253 (exact 0.241); K_N(0) 854, fastest node 0.39 s
B  H=0.12 N=48, 1e8: kernel err 5min/1h/1d-2y 0.5% / 0.51% / 0.51%; isometry short 1h 9.1%, 1d 4.7%, 1m 2.5%, 1y 1.8%; variogram exponent 1h 0.270 (exact 0.241), 1d 0.253 (exact 0.241); K_N(0) 854, fastest node 0.39 s
[B done in 0s]
