   building the hedging batch (32000 training paths)...
A  exact value iteration: V [-3.0, -3.0, -2.0, -1.0, 0.0], policy ['jump', 'walk', 'walk', 'walk'] (4 iterations, residual 0.0e+00)
A  fitted-q  : worst |Q - Q*| on the live states 5.63e-13; recovers the exact policy: True
A  lspi      : worst |Q - Q*| on the live states 9.33e-13; recovers the exact policy: True
A  tabular-q : worst |Q - Q*| on the live states 3.77e-14; recovers the exact policy: True
M  hedging state (S, sigma_hat, tau), 960000 transitions with a predecessor:
     next delta: F    33.98, p 7.8e-35 (effective n 960349 of 960000, residual rho1 -0.00: p 7.8e-35), the lags explain 0.02% -- significant but small
     next moneyness: F  1262.29, p 0.0e+00 (effective n 965257 of 960000, residual rho1 -0.00: p 0.0e+00), the lags explain 0.65% -- significant but small
     reward: F   407.24, p 0.0e+00 (effective n 859198 of 960000, residual rho1 +0.06: p 0.0e+00), the lags explain 0.21% -- significant but small
   verdict: Markov enough to bootstrap through
H  one-month ATM call, rebalanced every 4 steps of 128; 32000 training and 16000 test paths, 21 hedge ratios
   rule                                residual sd / price  fit seconds
   Hedged Monte Carlo                               0.3050          0.6
   fitted-Q, myopic (gamma = 0)                     0.3543          0.4
   fitted-Q, bootstrapped                           0.3568          8.6
   LSPI                                             0.3573         14.8
   Black-Scholes delta                              0.3582          0.0
   ...snapped to the grid                           0.3596          0.0
   at step 40 (tau 0.057 y), the hedge each rule chooses across the smile:
     BS delta   0.224   0.412   0.549   0.670   0.802
     HMC        0.133   0.329   0.475   0.595   0.715
     fitted-Q   0.150   0.300   0.400   0.500   0.650
   mean |RL - HMC| 0.0620, mean |RL - BS| 0.1237 (the grid's own step is 0.050)
H2 how the agent's residual moves with the batch and with the action grid:
        2000 paths (  3047 rows per action): 0.3533
        8000 paths ( 12190 rows per action): 0.3561
       32000 paths ( 48761 rows per action): 0.3543
      128000 paths (195047 rows per action): 0.3569
       3 hedge ratios: agent 0.4663, BS on the same grid 0.4955, difference -0.0292
       6 hedge ratios: agent 0.3816, BS on the same grid 0.3902, difference -0.0086
      11 hedge ratios: agent 0.3612, BS on the same grid 0.3661, difference -0.0050
      21 hedge ratios: agent 0.3543, BS on the same grid 0.3596, difference -0.0054
      41 hedge ratios: agent 0.3550, BS on the same grid 0.3581, difference -0.0032
C  cost of the same hedging answer, on 32 000 paths:
     simulating the paths             7.0 s  (both pay this)
     Hedged Monte Carlo               0.6 s  -> the analytic optimum
     building the RL batch            0.5 s
     fitted-q myopic                  0.4 s
     fitted-q bootstrapped            8.7 s
     lspi                            10.4 s
   the cheapest agent costs 1.6x Hedged Monte Carlo and does not reach it.

[done in 129s] -> C:\Projects\volatility-surface-tuning\captures\rl.json

# Session N (2026-09-27): python study_rl.py D
   building the hedging batch (32000 training paths)...
D  the gap to Hedged Monte Carlo (0.3050), attributed one change at a time:
     fitted-Q, argmax (Session M)                 0.3543
     quadratic-Q, at the vertex                   0.3541   closes   0.4% of the gap
     known-reward regression (BS mark, pooled)    0.3276   closes  53.7% of the gap
     ...with a martingale mark                    0.3091   closes  37.4% of the gap
     ...one coefficient per date                  0.3068   closes   4.8% of the gap
     ...on Hedged Monte Carlo's basis             0.3048   closes   3.9% of the gap
     Hedged Monte Carlo                           0.3050   (the last row reproduces it to 0.0002)
   the other order -- the martingale mark given to the agents, the reward still learned:
     fitted-Q, argmax, martingale mark            0.3324   closes  44.3% of the gap
     quadratic-Q, vertex, martingale mark         0.3307   closes  47.9% of the gap
   the mark alone 44.3%, the known reward alone 54.2%, both 91.5%: additive to within 6.9% of the gap

[done in 32s] -> C:\Projects\volatility-surface-tuning\captures\rl.json

# Session O (2026-09-29): python study_rl.py T
T  32 dates: cost 20 bp, risk aversion 1000, premium 0.0230; 20000 training and 20000 test paths
   the DP's own value -0.4449 against its policy's score -0.4460 +/- 0.0024: the answer key is consistent
   at mid-life, at the money: Whalley-Wilmott's half-width 0.066 against the delta's move between dates 0.100
     rule                                   objective / premium    of which cost   risk   turnover   gap to the DP
     the Bellman equation on a grid         -0.4460 +/- 0.0024    0.1665    0.2796    1.92     
     known cost, risk by moments            -0.4469 +/- 0.0024    0.1634    0.2835    1.88     -0.0009 +/- 0.0001
     known cost, myopic (no continuation)   -0.4495 +/- 0.0024    0.1604    0.2891    1.85     -0.0035 +/- 0.0002
     known cost, risk fitted directly       -0.4765 +/- 0.0026    0.1724    0.3041    1.99     -0.0304 +/- 0.0005
     generic fitted-Q, myopic               -0.5367 +/- 0.0025    0.1954    0.3413    2.25     -0.0906 +/- 0.0009
     generic fitted-Q, bootstrapped         -0.5425 +/- 0.0027    0.1976    0.3449    2.27     -0.0965 +/- 0.0009
     the Bellman equation, 21 actions       -0.4588 +/- 0.0024    0.1669    0.2919    1.92     -0.0128 +/- 0.0003
     Black-Scholes delta, every date        -0.4630 +/- 0.0024    0.1980    0.2650    2.28     -0.0170 +/- 0.0004
     Leland (1985)                          -0.4824 +/- 0.0022    0.1880    0.2944    2.17     -0.0364 +/- 0.0006
     Whalley-Wilmott (1997) band            -0.5349 +/- 0.0029    0.1210    0.4140    1.39     -0.0889 +/- 0.0013
     the initial delta, never traded        -6.6194 +/- 0.0293    0.0444    6.5750    0.51     -6.1734 +/- 0.0301
T  128 dates: cost 20 bp, risk aversion 1000, premium 0.0230; 20000 training and 20000 test paths
   the DP's own value -0.3065 against its policy's score -0.3030 +/- 0.0010: the answer key is consistent
   at mid-life, at the money: Whalley-Wilmott's half-width 0.066 against the delta's move between dates 0.050
     rule                                   objective / premium    of which cost   risk   turnover   gap to the DP
     the Bellman equation on a grid         -0.3030 +/- 0.0010    0.1850    0.1180    2.13     
     known cost, risk by moments            -0.3379 +/- 0.0010    0.1519    0.1860    1.75     -0.0350 +/- 0.0002
     known cost, myopic (no continuation)   -0.4556 +/- 0.0008    0.1275    0.3281    1.47     -0.1527 +/- 0.0006
     known cost, degree 8 in the action     -0.3264 +/- 0.0009    0.1603    0.1661    1.85     -0.0235 +/- 0.0002
     Black-Scholes delta, every date        -0.4225 +/- 0.0012    0.3551    0.0674    4.09     -0.1195 +/- 0.0004
     Leland (1985)                          -0.4808 +/- 0.0009    0.3185    0.1622    3.67     -0.1778 +/- 0.0005
     Whalley-Wilmott (1997) band            -0.3345 +/- 0.0012    0.1466    0.1879    1.69     -0.0315 +/- 0.0003
     the initial delta, never traded        -6.6528 +/- 0.0251    0.0444    6.6084    0.51     -6.3498 +/- 0.0258
   bootstrapping is worth +0.0026 of the premium at 32 dates and +0.1177 at 128 (the known-cost learner against its own myopic version) -- in Session M's bandits it was worth nothing and cost 20x

[done in 747s] -> C:\Projects\volatility-surface-tuning\captures\rl.json
