falsify: C:\Projects\falsify

=== stationary: 40 assets, 3024 days, H_true (0.1, 0.1) (switch at day 2016), database demo_market_stationary.sqlite (10.3 MB); train [1008, 2016), test [2016, 3024)
grid (54 configurations, training years): best J 34.08 at H = 0.02, c = 0.25, delta = 3.75 (beta RMSE 0.247, cost 0.78%/yr)
  by H (best over c, delta): H 0.02: J 34.1, cost 0.78%; H 0.05: J 36.1, cost 0.84%; H 0.1: J 40.3, cost 0.96%; H 0.2: J 52.8, cost 1.25%; H 0.3: J 73.8, cost 1.61%; H 0.49: J 154.6, cost 2.53%
S1: variogram H of the training years' log RV (noise known) 0.078; delta for beta 0.8: 3.25
S3 dual Kalman (0s): theta at the split H 0.028, confidence 0.218, delta 3.488; at the end H 0.020, confidence 0.078, delta 3.486; beta-channel innovation mean +0.33, sd 1.48 (0 and 1 if consistent); share of periods at a bound: H 97%, confidence 0%, delta 0%
S3e + equilibrium (1s): theta at the split H 0.035, confidence 0.053, delta 0.745, delta_eq 0.506; at the end H 0.020, confidence 0.050, delta 0.720, delta_eq 0.548; beta-channel innovation mean +0.22, sd 1.21 (0 and 1 if consistent); share of periods at a bound: H 95%, confidence 30%, delta 5%, delta_eq 19%
S4: no-trade band 0.0030 per asset gives S1 the dual filter's training cost (1.09%/yr)
falsify (falsify): the grid's best training Sharpe, deflated by 54 trials: DSR 0.387; PBO (ArgMax on Sharpe, CSCV 16 blocks) 0.453, degradation +0.172; the objective-selected configuration ranks 0% from the top of 54 out of sample

test years [2016, 3024), target beta 0.8; J = mean((b - 0.8)^2)/0.05^2 + cost^2/0.25^2:
  strategy                      J  beta RMSE  true-beta RMSE  mean beta  cost %/yr  turnover  net SR  alpha %  alpha t    PSR  path H
  S2 grid-best              33.37      0.230           0.204      0.751       0.87       8.7   -0.31     0.07     0.03  0.265   0.247
  S3 dual Kalman            49.86      0.296           0.288      0.876       0.97       9.7   -0.54    -3.44    -0.95  0.139   0.235
  S3e + equilibrium         52.03      0.293           0.281      0.899       1.05      10.5   -0.46    -2.13    -0.57  0.181   0.265
  S4 no-trade band          53.54      0.271           0.244      0.851       1.23      12.3   -0.25     1.02     0.26  0.311   0.235
  S1 statistical H          57.71      0.271           0.244      0.850       1.33      13.3   -0.25     0.93     0.24  0.308   0.225
  S1r rolling H             58.88      0.274           0.247      0.851       1.34      13.4   -0.25     1.02     0.26  0.312   0.214
  S0 default               140.76      0.470           0.458      1.112       1.81      18.1   -0.26     1.08     0.21  0.303   0.216

=== shift: 40 assets, 3024 days, H_true (0.08, 0.25) (switch at day 2016), database demo_market_shift.sqlite (10.3 MB); train [1008, 2016), test [2016, 3024)
grid (54 configurations, training years): best J 32.88 at H = 0.02, c = 0.25, delta = 3.75 (beta RMSE 0.237, cost 0.80%/yr)
  by H (best over c, delta): H 0.02: J 32.9, cost 0.80%; H 0.05: J 35.0, cost 0.87%; H 0.1: J 39.4, cost 0.99%; H 0.2: J 53.0, cost 1.30%; H 0.3: J 76.3, cost 1.68%; H 0.49: J 169.1, cost 2.68%
S1: variogram H of the training years' log RV (noise known) 0.061; delta for beta 0.8: 3.25
S3 dual Kalman (0s): theta at the split H 0.028, confidence 0.216, delta 3.367; at the end H 0.020, confidence 0.070, delta 3.324; beta-channel innovation mean +0.29, sd 1.50 (0 and 1 if consistent); share of periods at a bound: H 98%, confidence 0%, delta 0%
S3e + equilibrium (1s): theta at the split H 0.031, confidence 0.060, delta 0.759, delta_eq 0.537; at the end H 0.020, confidence 0.050, delta 0.694, delta_eq 0.571; beta-channel innovation mean +0.18, sd 1.32 (0 and 1 if consistent); share of periods at a bound: H 94%, confidence 33%, delta 8%, delta_eq 33%
S4: no-trade band 0.0023 per asset gives S1 the dual filter's training cost (1.11%/yr)
falsify (falsify): the grid's best training Sharpe, deflated by 54 trials: DSR 0.388; PBO (ArgMax on Sharpe, CSCV 16 blocks) 0.438, degradation +0.176; the objective-selected configuration ranks 0% from the top of 54 out of sample

test years [2016, 3024), target beta 0.8; J = mean((b - 0.8)^2)/0.05^2 + cost^2/0.25^2:
  strategy                      J  beta RMSE  true-beta RMSE  mean beta  cost %/yr  turnover  net SR  alpha %  alpha t    PSR  path H
  S2 grid-best              31.26      0.244           0.228      0.715       0.68       6.8   -0.35    -0.04    -0.01  0.245   0.338
  S4 no-trade band          43.83      0.269           0.249      0.801       0.97       9.7   -0.30     0.51     0.14  0.277   0.334
  S1 statistical H          46.61      0.269           0.249      0.802       1.05      10.5   -0.29     0.60     0.16  0.281   0.322
  S3e + equilibrium         50.75      0.311           0.319      0.908       0.87       8.7   -0.49    -2.33    -0.62  0.161   0.310
  S3 dual Kalman            55.65      0.338           0.350      0.906       0.79       7.9   -0.60    -3.95    -1.03  0.116   0.332
  S1r rolling H             59.57      0.290           0.279      0.817       1.27      12.7   -0.32     0.18     0.04  0.263   0.274
  S0 default               109.02      0.434           0.437      1.049       1.45      14.5   -0.30     0.52     0.10  0.272   0.306

[post hoc] stationary: grid pick H 0.02, c 0.25, delta 3.75
  S2 grid-best                 J  33.37  beta RMSE 0.230  mean beta 0.751  cost 0.87%/yr
  S3 dual Kalman               J  49.86  beta RMSE 0.296  mean beta 0.876  cost 0.97%/yr; H at its bound 97% of periods, beta innovation +0.33 +/- 1.48
  S3c constant R, slow drift   J  37.38  beta RMSE 0.247  mean beta 0.795  cost 0.90%/yr; H at its bound 93% of periods, beta innovation +0.19 +/- 2.06

[post hoc] shift: grid pick H 0.02, c 0.25, delta 3.75
  S2 grid-best                 J  31.26  beta RMSE 0.244  mean beta 0.715  cost 0.68%/yr
  S3 dual Kalman               J  55.65  beta RMSE 0.338  mean beta 0.906  cost 0.79%/yr; H at its bound 98% of periods, beta innovation +0.29 +/- 1.50
  S3c constant R, slow drift   J  36.26  beta RMSE 0.264  mean beta 0.800  cost 0.73%/yr; H at its bound 89% of periods, beta innovation +0.15 +/- 2.11

[post hoc] confirmation (new seed): grid pick H 0.02, c 0.25, delta 3.75
  S2 grid-best                 J  26.76  beta RMSE 0.209  mean beta 0.675  cost 0.76%/yr
  S3 dual Kalman               J  33.61  beta RMSE 0.234  mean beta 0.830  cost 0.85%/yr; H at its bound 100% of periods, beta innovation +0.19 +/- 1.53
  S3c constant R, slow drift   J  26.02  beta RMSE 0.193  mean beta 0.735  cost 0.83%/yr; H at its bound 92% of periods, beta innovation +0.08 +/- 1.44

[done in 32s] -> C:\Projects\volatility-surface-tuning\captures\trial_bl_hurst.json
